Asus@DESKTOP-Q2TG26K MINGW64 ~/Desktop/INFORMATICA/05-06-23_FabrizioRodriguez
$ git init 
Initialized empty Git repository in C:/Users/Asus/Desktop/INFORMATICA/05-06-23_FabrizioRodriguez/.git/

Asus@DESKTOP-Q2TG26K MINGW64 ~/Desktop/INFORMATICA/05-06-23_FabrizioRodriguez (main)
$ git remote add origin https://github.com/FabrizioR17/05-06-23_FabrizioRodriguez.git

Asus@DESKTOP-Q2TG26K MINGW64 ~/Desktop/INFORMATICA/05-06-23_FabrizioRodriguez (main)
$ touch comandos.txt main.js index.html

Asus@DESKTOP-Q2TG26K MINGW64 ~/Desktop/INFORMATICA/05-06-23_FabrizioRodriguez (main)
$ git add .

Asus@DESKTOP-Q2TG26K MINGW64 ~/Desktop/INFORMATICA/05-06-23_FabrizioRodriguez (main)
$ git commit -m "commit 01 de Fabrizio Rodriguez"
[main (root-commit) cfc6309] commit 01 de Fabrizio Rodriguez
 3 files changed, 0 insertions(+), 0 deletions(-)
 create mode 100644 comandos.txt
 create mode 100644 index.html
 create mode 100644 main.js

Asus@DESKTOP-Q2TG26K MINGW64 ~/Desktop/INFORMATICA/05-06-23_FabrizioRodriguez (main)
$ git push -u origin main
Enumerating objects: 3, done.
Counting objects: 100% (3/3), done.
Delta compression using up to 8 threads
Compressing objects: 100% (2/2), done.
Writing objects: 100% (3/3), 248 bytes | 82.00 KiB/s, done.
Total 3 (delta 0), reused 0 (delta 0), pack-reused 0
To https://github.com/FabrizioR17/05-06-23_FabrizioRodriguez.git
 * [new branch]      main -> main
branch 'main' set up to track 'origin/main'.

Asus@DESKTOP-Q2TG26K MINGW64 ~/Desktop/INFORMATICA/05-06-23_FabrizioRodriguez (main)
$ git checkout -b feature
Switched to a new branch 'feature'

Asus@DESKTOP-Q2TG26K MINGW64 ~/Desktop/INFORMATICA/05-06-23_FabrizioRodriguez (feature)
$ mkdir hardware software "SeguridadInformatica"

Asus@DESKTOP-Q2TG26K MINGW64 ~/Desktop/INFORMATICA/05-06-23_FabrizioRodriguez (feature)
$ touch Hardware/resumen.txt

Asus@DESKTOP-Q2TG26K MINGW64 ~/Desktop/INFORMATICA/05-06-23_FabrizioRodriguez (feature)
$ touch Software/resumen.txt SeguridadInformatica/resumen.txt

Asus@DESKTOP-Q2TG26K MINGW64 ~/Desktop/INFORMATICA/05-06-23_FabrizioRodriguez (feature)
$ git add .

Asus@DESKTOP-Q2TG26K MINGW64 ~/Desktop/INFORMATICA/05-06-23_FabrizioRodriguez (feature)
$ git commit -m "commit 02 de Fabrizio Rodriguez"
[feature 6241da2] commit 02 de Fabrizio Rodriguez
 3 files changed, 0 insertions(+), 0 deletions(-)
 create mode 100644 SeguridadInformatica/resumen.txt
 create mode 100644 hardware/resumen.txt
 create mode 100644 software/resumen.txt

Asus@DESKTOP-Q2TG26K MINGW64 ~/Desktop/INFORMATICA/05-06-23_FabrizioRodriguez (feature)
$ git push -u origin feature
Enumerating objects: 4, done.
Counting objects: 100% (4/4), done.
Delta compression using up to 8 threads
Compressing objects: 100% (2/2), done.
Writing objects: 100% (3/3), 385 bytes | 192.00 KiB/s, done.
Total 3 (delta 0), reused 0 (delta 0), pack-reused 0
remote: 
remote: Create a pull request for 'feature' on GitHub by visiting:
remote:      https://github.com/FabrizioR17/05-06-23_FabrizioRodriguez/pull/new/feature
remote:
To https://github.com/FabrizioR17/05-06-23_FabrizioRodriguez.git
 * [new branch]      feature -> feature
branch 'feature' set up to track 'origin/feature'.

Asus@DESKTOP-Q2TG26K MINGW64 ~/Desktop/INFORMATICA/05-06-23_FabrizioRodriguez (feature)
$ git checkout main
Switched to branch 'main'
Your branch is up to date with 'origin/main'.

Asus@DESKTOP-Q2TG26K MINGW64 ~/Desktop/INFORMATICA/05-06-23_FabrizioRodriguez (main)
$ mv main.js resumenHardware.txt

Asus@DESKTOP-Q2TG26K MINGW64 ~/Desktop/INFORMATICA/05-06-23_FabrizioRodriguez (main)
$ mv index.html resumenSoftware.txt

Asus@DESKTOP-Q2TG26K MINGW64 ~/Desktop/INFORMATICA/05-06-23_FabrizioRodriguez (main)
$ git add .

Asus@DESKTOP-Q2TG26K MINGW64 ~/Desktop/INFORMATICA/05-06-23_FabrizioRodriguez (main)
$ git commit -m "commit 03 de Fabrizio Rodriguez"
[main 876e587] commit 03 de Fabrizio Rodriguez
 4 files changed, 8 insertions(+)
 delete mode 100644 index.html
 delete mode 100644 main.js
 create mode 100644 resumenHardware.txt
 create mode 100644 resumenSoftware.txt

Asus@DESKTOP-Q2TG26K MINGW64 ~/Desktop/INFORMATICA/05-06-23_FabrizioRodriguez (main)
$ git push -u origin main
Enumerating objects: 5, done.
Counting objects: 100% (5/5), done.
Delta compression using up to 8 threads
Compressing objects: 100% (4/4), done.
Writing objects: 100% (4/4), 475 bytes | 158.00 KiB/s, done.
Total 4 (delta 0), reused 0 (delta 0), pack-reused 0
To https://github.com/FabrizioR17/05-06-23_FabrizioRodriguez.git
   cfc6309..876e587  main -> main
branch 'main' set up to track 'origin/main'.

